// Jest Snapshot v1, https://goo.gl/fbAQLP

exports[`Button component Matches the snapshot 1`] = `
<nav
  className="navbar navbar-expand navbar-light bg-dark"
>
  <a
    className="navbar-brand"
    href="https://www.squash.io/"
  >
    <img
      alt=""
      className="blog-hide"
      height="22"
      src="https://www.squash.io/wp-content/uploads/2019/03/logo.svg"
      title="Squash"
      width="157"
    />
  </a>
  <button
    aria-label="Toggle navigation"
    className="navbar-toggler collapsed"
    onClick={[Function]}
    type="button"
  >
    <span
      className="navbar-toggler-icon"
    />
  </button>
  <div
    aria-expanded={null}
    className="justify-content-end navbar-collapse collapse"
  >
    <ul
      className="navbar-nav"
      onKeyDown={[Function]}
    >
      <li
        className="nav-item"
      >
        <a
          className="nav-link active"
          data-rb-event-key="/"
          href="/"
          onClick={[Function]}
          onKeyDown={[Function]}
        >
          Home
        </a>
      </li>
    </ul>
  </div>
</nav>
`;
